main.c:94:1:__io_putchar	16	static
main.c:100:7:magnitude	24	static
main.c:104:7:mean	24	static
main.c:110:7:stnd	48	static
main.c:117:6:detect	24	static
main.c:142:5:main	1376	static
main.c:240:6:SystemClock_Config	248	static
main.c:324:13:MX_ADC1_Init	32	static
main.c:380:13:MX_DFSDM1_Init	8	static
main.c:418:13:MX_I2C1_Init	8	static
main.c:464:13:MX_I2C2_Init	8	static
main.c:510:13:MX_OCTOSPI1_Init	32	static
main.c:558:13:MX_SPI1_Init	8	static
main.c:598:13:MX_SPI3_Init	8	static
main.c:638:13:MX_UART4_Init	8	static
main.c:686:13:MX_USART1_UART_Init	8	static
main.c:734:13:MX_USART2_UART_Init	8	static
main.c:782:13:MX_USART3_UART_Init	8	static
main.c:830:13:MX_USB_OTG_FS_USB_Init	4	static
main.c:851:13:MX_GPIO_Init	56	static
main.c:986:6:Error_Handler	4	static,ignoring_inline_asm
