main.c:94:1:__io_putchar	16	static
main.c:105:5:main	16	static
main.c:161:6:SystemClock_Config	248	static
main.c:245:13:MX_ADC1_Init	32	static
main.c:301:13:MX_DFSDM1_Init	8	static
main.c:339:13:MX_I2C1_Init	8	static
main.c:385:13:MX_I2C2_Init	8	static
main.c:431:13:MX_OCTOSPI1_Init	32	static
main.c:479:13:MX_SPI1_Init	8	static
main.c:519:13:MX_SPI3_Init	8	static
main.c:559:13:MX_UART4_Init	8	static
main.c:607:13:MX_USART1_UART_Init	8	static
main.c:655:13:MX_USART2_UART_Init	8	static
main.c:703:13:MX_USART3_UART_Init	8	static
main.c:751:13:MX_USB_OTG_FS_USB_Init	4	static
main.c:772:13:MX_GPIO_Init	56	static
main.c:907:6:Error_Handler	4	static,ignoring_inline_asm
